
1.  print ("Age=" + Age )
    TypeError: can only concatenate str (not "int") to str
    solution : replace + with , 
    print ("Age=" , Age )